mode: set
github.com/QUDUSKUNLE/Bumpa/adapters/config/config.go:13.19,14.46 1 1
github.com/QUDUSKUNLE/Bumpa/adapters/config/config.go:14.46,16.3 1 1
github.com/QUDUSKUNLE/Bumpa/adapters/config/config.go:19.29,28.2 1 1
github.com/QUDUSKUNLE/Bumpa/adapters/config/config.go:43.60,56.25 3 1
github.com/QUDUSKUNLE/Bumpa/adapters/config/config.go:56.25,58.3 1 1
github.com/QUDUSKUNLE/Bumpa/adapters/config/config.go:60.2,60.17 1 1
github.com/QUDUSKUNLE/Bumpa/main.go:32.73,45.2 3 0
github.com/QUDUSKUNLE/Bumpa/main.go:47.13,50.16 2 0
github.com/QUDUSKUNLE/Bumpa/main.go:50.16,52.3 1 0
github.com/QUDUSKUNLE/Bumpa/main.go:55.2,66.16 5 0
github.com/QUDUSKUNLE/Bumpa/main.go:66.16,68.3 1 0
github.com/QUDUSKUNLE/Bumpa/main.go:69.2,73.44 3 0
github.com/QUDUSKUNLE/Bumpa/main.go:73.44,75.3 1 0
github.com/QUDUSKUNLE/Bumpa/main.go:78.2,97.53 7 0
github.com/QUDUSKUNLE/Bumpa/main.go:97.53,107.4 2 0
github.com/QUDUSKUNLE/Bumpa/main.go:109.2,114.11 1 0
github.com/QUDUSKUNLE/Bumpa/main.go:114.11,121.4 2 0
github.com/QUDUSKUNLE/Bumpa/main.go:127.2,156.25 6 0
github.com/QUDUSKUNLE/Bumpa/main.go:156.25,158.3 1 0
github.com/QUDUSKUNLE/Bumpa/main.go:160.2,160.12 1 0
github.com/QUDUSKUNLE/Bumpa/main.go:160.12,161.95 1 0
github.com/QUDUSKUNLE/Bumpa/main.go:161.95,163.4 1 0
github.com/QUDUSKUNLE/Bumpa/main.go:170.2,185.48 8 0
github.com/QUDUSKUNLE/Bumpa/main.go:185.48,187.3 1 0
github.com/QUDUSKUNLE/Bumpa/main.go:189.2,189.36 1 0
github.com/QUDUSKUNLE/Bumpa/adapters/db/badges.sql.go:26.104,31.2 4 0
github.com/QUDUSKUNLE/Bumpa/adapters/db/database.go:25.33,34.2 1 0
github.com/QUDUSKUNLE/Bumpa/adapters/db/database.go:41.36,44.18 2 0
github.com/QUDUSKUNLE/Bumpa/adapters/db/database.go:44.18,46.3 1 0
github.com/QUDUSKUNLE/Bumpa/adapters/db/database.go:49.2,54.16 4 0
github.com/QUDUSKUNLE/Bumpa/adapters/db/database.go:54.16,56.3 1 0
github.com/QUDUSKUNLE/Bumpa/adapters/db/database.go:59.2,77.16 10 0
github.com/QUDUSKUNLE/Bumpa/adapters/db/database.go:77.16,79.3 1 0
github.com/QUDUSKUNLE/Bumpa/adapters/db/database.go:81.2,87.16 2 0
github.com/QUDUSKUNLE/Bumpa/adapters/db/database.go:87.16,89.3 1 0
github.com/QUDUSKUNLE/Bumpa/adapters/db/database.go:90.2,93.39 2 0
github.com/QUDUSKUNLE/Bumpa/adapters/db/database.go:93.39,96.3 2 0
github.com/QUDUSKUNLE/Bumpa/adapters/db/database.go:98.2,101.27 3 0
github.com/QUDUSKUNLE/Bumpa/adapters/db/database.go:105.103,110.16 3 0
github.com/QUDUSKUNLE/Bumpa/adapters/db/database.go:110.16,112.3 1 0
github.com/QUDUSKUNLE/Bumpa/adapters/db/database.go:114.2,114.15 1 0
github.com/QUDUSKUNLE/Bumpa/adapters/db/database.go:114.15,115.31 1 0
github.com/QUDUSKUNLE/Bumpa/adapters/db/database.go:115.31,118.12 2 0
github.com/QUDUSKUNLE/Bumpa/adapters/db/database.go:119.9,119.24 1 0
github.com/QUDUSKUNLE/Bumpa/adapters/db/database.go:119.24,122.20 2 0
github.com/QUDUSKUNLE/Bumpa/adapters/db/database.go:122.20,124.5 1 0
github.com/QUDUSKUNLE/Bumpa/adapters/db/database.go:125.9,128.18 2 0
github.com/QUDUSKUNLE/Bumpa/adapters/db/database.go:128.18,130.5 1 0
github.com/QUDUSKUNLE/Bumpa/adapters/db/database.go:135.2,136.20 2 0
github.com/QUDUSKUNLE/Bumpa/adapters/db/db.go:20.28,22.2 1 0
github.com/QUDUSKUNLE/Bumpa/adapters/db/db.go:28.46,32.2 1 0
github.com/QUDUSKUNLE/Bumpa/adapters/db/outbox.sql.go:36.102,54.2 4 0
github.com/QUDUSKUNLE/Bumpa/adapters/db/outbox.sql.go:64.98,66.16 2 0
github.com/QUDUSKUNLE/Bumpa/adapters/db/outbox.sql.go:66.16,68.3 1 0
github.com/QUDUSKUNLE/Bumpa/adapters/db/outbox.sql.go:69.2,71.18 3 0
github.com/QUDUSKUNLE/Bumpa/adapters/db/outbox.sql.go:71.18,80.17 2 0
github.com/QUDUSKUNLE/Bumpa/adapters/db/outbox.sql.go:80.17,82.4 1 0
github.com/QUDUSKUNLE/Bumpa/adapters/db/outbox.sql.go:83.3,83.27 1 0
github.com/QUDUSKUNLE/Bumpa/adapters/db/outbox.sql.go:85.2,85.35 1 0
github.com/QUDUSKUNLE/Bumpa/adapters/db/outbox.sql.go:85.35,87.3 1 0
github.com/QUDUSKUNLE/Bumpa/adapters/db/outbox.sql.go:88.2,88.19 1 0
github.com/QUDUSKUNLE/Bumpa/adapters/db/outbox.sql.go:98.87,101.2 2 0
github.com/QUDUSKUNLE/Bumpa/adapters/db/payments.sql.go:38.100,50.2 4 0
github.com/QUDUSKUNLE/Bumpa/adapters/db/payments.sql.go:82.138,95.2 4 0
github.com/QUDUSKUNLE/Bumpa/adapters/db/payments.sql.go:109.93,112.2 2 0
github.com/QUDUSKUNLE/Bumpa/adapters/db/payments.sql.go:126.101,129.2 2 0
github.com/QUDUSKUNLE/Bumpa/adapters/db/purchases.sql.go:20.96,25.2 4 0
github.com/QUDUSKUNLE/Bumpa/adapters/db/purchases.sql.go:47.99,63.2 4 0
github.com/QUDUSKUNLE/Bumpa/adapters/db/user.sql.go:33.87,51.2 4 0
github.com/QUDUSKUNLE/Bumpa/adapters/db/user.sql.go:69.84,81.2 4 0
github.com/QUDUSKUNLE/Bumpa/adapters/db/user.sql.go:104.138,116.2 4 0
github.com/QUDUSKUNLE/Bumpa/adapters/db/user_achievement.sql.go:20.96,25.2 4 0
github.com/QUDUSKUNLE/Bumpa/adapters/db/user_achievement.sql.go:66.112,71.2 4 0
github.com/QUDUSKUNLE/Bumpa/adapters/db/user_achievement.sql.go:85.116,90.2 4 0
github.com/QUDUSKUNLE/Bumpa/adapters/events/bus.go:19.30,23.2 1 1
github.com/QUDUSKUNLE/Bumpa/adapters/events/bus.go:25.65,27.2 1 1
github.com/QUDUSKUNLE/Bumpa/adapters/events/bus.go:29.75,30.49 1 1
github.com/QUDUSKUNLE/Bumpa/adapters/events/bus.go:30.49,31.45 1 1
github.com/QUDUSKUNLE/Bumpa/adapters/events/bus.go:31.45,33.4 1 1
github.com/QUDUSKUNLE/Bumpa/adapters/events/bus.go:35.2,35.12 1 1
github.com/QUDUSKUNLE/Bumpa/adapters/handlers/achievements.go:13.73,15.2 1 1
github.com/QUDUSKUNLE/Bumpa/adapters/handlers/achievements.go:17.60,20.37 2 1
github.com/QUDUSKUNLE/Bumpa/adapters/handlers/achievements.go:20.37,25.3 1 0
github.com/QUDUSKUNLE/Bumpa/adapters/handlers/achievements.go:27.2,34.16 3 1
github.com/QUDUSKUNLE/Bumpa/adapters/handlers/achievements.go:34.16,36.3 1 0
github.com/QUDUSKUNLE/Bumpa/adapters/handlers/achievements.go:38.2,39.16 2 1
github.com/QUDUSKUNLE/Bumpa/adapters/handlers/achievements.go:39.16,41.3 1 0
github.com/QUDUSKUNLE/Bumpa/adapters/handlers/achievements.go:43.2,70.16 5 1
github.com/QUDUSKUNLE/Bumpa/adapters/handlers/achievements.go:70.16,75.3 1 0
github.com/QUDUSKUNLE/Bumpa/adapters/handlers/achievements.go:77.2,79.4 1 1
github.com/QUDUSKUNLE/Bumpa/adapters/handlers/health.go:9.63,11.2 1 1
github.com/QUDUSKUNLE/Bumpa/adapters/handlers/home.go:9.61,11.2 1 1
github.com/QUDUSKUNLE/Bumpa/adapters/handlers/index.go:12.68,16.2 1 1
github.com/QUDUSKUNLE/Bumpa/adapters/handlers/index.go:18.54,26.2 1 1
github.com/QUDUSKUNLE/Bumpa/core/services/index.go:18.106,32.2 1 0
github.com/QUDUSKUNLE/Bumpa/core/services/index.go:34.38,36.16 2 0
github.com/QUDUSKUNLE/Bumpa/core/services/index.go:36.16,37.13 1 0
github.com/QUDUSKUNLE/Bumpa/core/services/index.go:39.2,39.10 1 0
github.com/QUDUSKUNLE/Bumpa/adapters/payments/payment.go:53.29,65.16 3 1
github.com/QUDUSKUNLE/Bumpa/adapters/payments/payment.go:65.16,67.3 1 0
github.com/QUDUSKUNLE/Bumpa/adapters/payments/payment.go:69.2,75.16 2 1
github.com/QUDUSKUNLE/Bumpa/adapters/payments/payment.go:75.16,77.3 1 0
github.com/QUDUSKUNLE/Bumpa/adapters/payments/payment.go:79.2,89.16 4 1
github.com/QUDUSKUNLE/Bumpa/adapters/payments/payment.go:89.16,91.3 1 0
github.com/QUDUSKUNLE/Bumpa/adapters/payments/payment.go:92.2,96.16 3 1
github.com/QUDUSKUNLE/Bumpa/adapters/payments/payment.go:96.16,98.3 1 0
github.com/QUDUSKUNLE/Bumpa/adapters/payments/payment.go:100.2,107.53 2 1
github.com/QUDUSKUNLE/Bumpa/adapters/payments/payment.go:107.53,113.3 1 1
github.com/QUDUSKUNLE/Bumpa/adapters/payments/payment.go:116.2,116.28 1 1
github.com/QUDUSKUNLE/Bumpa/adapters/payments/payment.go:116.28,121.3 1 1
github.com/QUDUSKUNLE/Bumpa/adapters/payments/payment.go:123.2,125.59 2 1
github.com/QUDUSKUNLE/Bumpa/adapters/payments/payment.go:125.59,131.3 1 1
github.com/QUDUSKUNLE/Bumpa/adapters/payments/payment.go:133.2,133.17 1 1
github.com/QUDUSKUNLE/Bumpa/adapters/payments/payment.go:136.127,138.2 1 0
github.com/QUDUSKUNLE/Bumpa/adapters/payments/payment.go:140.63,144.2 1 1
github.com/QUDUSKUNLE/Bumpa/adapters/repositories/achievements.go:17.17,22.35 2 1
github.com/QUDUSKUNLE/Bumpa/adapters/repositories/achievements.go:22.35,25.3 1 1
github.com/QUDUSKUNLE/Bumpa/adapters/repositories/achievements.go:26.2,26.16 1 1
github.com/QUDUSKUNLE/Bumpa/adapters/repositories/achievements.go:26.16,32.3 2 0
github.com/QUDUSKUNLE/Bumpa/adapters/repositories/achievements.go:33.2,33.18 1 1
github.com/QUDUSKUNLE/Bumpa/adapters/repositories/achievements.go:39.38,41.2 1 1
github.com/QUDUSKUNLE/Bumpa/adapters/repositories/badge.go:13.104,16.16 2 1
github.com/QUDUSKUNLE/Bumpa/adapters/repositories/badge.go:16.16,19.3 2 0
github.com/QUDUSKUNLE/Bumpa/adapters/repositories/badge.go:20.2,20.24 1 1
github.com/QUDUSKUNLE/Bumpa/adapters/repositories/badge.go:23.112,27.35 2 1
github.com/QUDUSKUNLE/Bumpa/adapters/repositories/badge.go:27.35,30.3 1 1
github.com/QUDUSKUNLE/Bumpa/adapters/repositories/badge.go:31.2,31.16 1 1
github.com/QUDUSKUNLE/Bumpa/adapters/repositories/badge.go:31.16,34.3 2 0
github.com/QUDUSKUNLE/Bumpa/adapters/repositories/badge.go:35.2,35.18 1 1
github.com/QUDUSKUNLE/Bumpa/adapters/repositories/events.go:11.84,19.16 2 1
github.com/QUDUSKUNLE/Bumpa/adapters/repositories/events.go:19.16,21.3 1 0
github.com/QUDUSKUNLE/Bumpa/adapters/repositories/events.go:22.2,22.12 1 1
github.com/QUDUSKUNLE/Bumpa/adapters/repositories/events.go:25.107,27.2 1 1
github.com/QUDUSKUNLE/Bumpa/adapters/repositories/events.go:29.90,31.2 1 1
github.com/QUDUSKUNLE/Bumpa/adapters/repositories/index.go:13.67,18.2 1 1
github.com/QUDUSKUNLE/Bumpa/adapters/repositories/payments.go:15.100,27.35 2 1
github.com/QUDUSKUNLE/Bumpa/adapters/repositories/payments.go:27.35,30.3 1 0
github.com/QUDUSKUNLE/Bumpa/adapters/repositories/payments.go:31.2,31.16 1 1
github.com/QUDUSKUNLE/Bumpa/adapters/repositories/payments.go:31.16,34.3 2 0
github.com/QUDUSKUNLE/Bumpa/adapters/repositories/payments.go:35.2,35.18 1 1
github.com/QUDUSKUNLE/Bumpa/adapters/repositories/payments.go:38.103,42.17 1 1
github.com/QUDUSKUNLE/Bumpa/adapters/repositories/payments.go:42.17,45.3 2 0
github.com/QUDUSKUNLE/Bumpa/adapters/repositories/payments.go:46.2,46.12 1 1
github.com/QUDUSKUNLE/Bumpa/adapters/repositories/payments.go:49.102,53.17 1 1
github.com/QUDUSKUNLE/Bumpa/adapters/repositories/payments.go:53.17,56.3 2 0
github.com/QUDUSKUNLE/Bumpa/adapters/repositories/payments.go:57.2,57.12 1 1
github.com/QUDUSKUNLE/Bumpa/adapters/repositories/payments.go:60.131,62.16 2 1
github.com/QUDUSKUNLE/Bumpa/adapters/repositories/payments.go:62.16,64.3 1 0
github.com/QUDUSKUNLE/Bumpa/adapters/repositories/payments.go:65.2,73.8 1 1
github.com/QUDUSKUNLE/Bumpa/adapters/repositories/purchase.go:14.98,31.35 4 1
github.com/QUDUSKUNLE/Bumpa/adapters/repositories/purchase.go:31.35,34.3 2 1
github.com/QUDUSKUNLE/Bumpa/adapters/repositories/purchase.go:35.2,35.16 1 1
github.com/QUDUSKUNLE/Bumpa/adapters/repositories/purchase.go:35.16,38.3 2 0
github.com/QUDUSKUNLE/Bumpa/adapters/repositories/purchase.go:39.2,39.18 1 1
github.com/QUDUSKUNLE/Bumpa/adapters/repositories/purchase.go:42.110,45.16 2 1
github.com/QUDUSKUNLE/Bumpa/adapters/repositories/purchase.go:45.16,48.3 2 0
github.com/QUDUSKUNLE/Bumpa/adapters/repositories/purchase.go:49.2,49.62 1 1
github.com/QUDUSKUNLE/Bumpa/adapters/repositories/user.go:10.97,12.2 1 1
github.com/QUDUSKUNLE/Bumpa/adapters/repositories/user.go:14.90,16.2 1 1
github.com/QUDUSKUNLE/Bumpa/adapters/repositories/withtx.go:11.97,12.72 1 1
github.com/QUDUSKUNLE/Bumpa/adapters/repositories/withtx.go:12.72,19.3 3 1
github.com/QUDUSKUNLE/Bumpa/adapters/repositories/withtx.go:20.2,20.12 1 1
github.com/QUDUSKUNLE/Bumpa/adapters/routes/index.go:8.89,14.2 5 1
github.com/QUDUSKUNLE/Bumpa/core/services/achievements/achievement.go:24.61,31.53 1 1
github.com/QUDUSKUNLE/Bumpa/core/services/achievements/achievement.go:31.53,33.5 1 1
github.com/QUDUSKUNLE/Bumpa/core/services/achievements/achievement.go:40.53,42.5 1 1
github.com/QUDUSKUNLE/Bumpa/core/services/achievements/achievement.go:49.53,51.5 1 1
github.com/QUDUSKUNLE/Bumpa/core/services/achievements/achievement.go:58.53,60.5 1 1
github.com/QUDUSKUNLE/Bumpa/core/services/achievements/achievement.go:67.53,69.5 1 1
github.com/QUDUSKUNLE/Bumpa/core/services/achievements/achievement.go:74.140,80.2 1 1
github.com/QUDUSKUNLE/Bumpa/core/services/achievements/achievement.go:86.9,88.65 2 1
github.com/QUDUSKUNLE/Bumpa/core/services/achievements/achievement.go:88.65,91.17 2 1
github.com/QUDUSKUNLE/Bumpa/core/services/achievements/achievement.go:91.17,94.4 2 1
github.com/QUDUSKUNLE/Bumpa/core/services/achievements/achievement.go:95.3,95.16 1 1
github.com/QUDUSKUNLE/Bumpa/core/services/achievements/achievement.go:95.16,97.4 1 1
github.com/QUDUSKUNLE/Bumpa/core/services/achievements/achievement.go:98.3,99.17 2 1
github.com/QUDUSKUNLE/Bumpa/core/services/achievements/achievement.go:99.17,102.4 2 0
github.com/QUDUSKUNLE/Bumpa/core/services/achievements/achievement.go:104.3,104.55 1 1
github.com/QUDUSKUNLE/Bumpa/core/services/achievements/achievement.go:104.55,105.36 1 1
github.com/QUDUSKUNLE/Bumpa/core/services/achievements/achievement.go:105.36,106.13 1 1
github.com/QUDUSKUNLE/Bumpa/core/services/achievements/achievement.go:109.4,110.18 2 1
github.com/QUDUSKUNLE/Bumpa/core/services/achievements/achievement.go:110.18,113.5 2 0
github.com/QUDUSKUNLE/Bumpa/core/services/achievements/achievement.go:114.4,114.17 1 1
github.com/QUDUSKUNLE/Bumpa/core/services/achievements/achievement.go:114.17,115.13 1 0
github.com/QUDUSKUNLE/Bumpa/core/services/achievements/achievement.go:118.4,123.18 3 1
github.com/QUDUSKUNLE/Bumpa/core/services/achievements/achievement.go:123.18,126.5 2 0
github.com/QUDUSKUNLE/Bumpa/core/services/achievements/achievement.go:128.4,138.54 2 1
github.com/QUDUSKUNLE/Bumpa/core/services/achievements/achievement.go:138.54,141.5 2 0
github.com/QUDUSKUNLE/Bumpa/core/services/achievements/achievement.go:143.3,144.13 2 1
github.com/QUDUSKUNLE/Bumpa/core/services/achievements/achievement.go:147.2,147.16 1 1
github.com/QUDUSKUNLE/Bumpa/core/services/achievements/achievement.go:147.16,149.3 1 1
github.com/QUDUSKUNLE/Bumpa/core/services/achievements/achievement.go:151.2,151.12 1 1
github.com/QUDUSKUNLE/Bumpa/core/services/achievements/achievement.go:154.65,156.16 2 0
github.com/QUDUSKUNLE/Bumpa/core/services/achievements/achievement.go:156.16,158.3 1 0
github.com/QUDUSKUNLE/Bumpa/core/services/achievements/achievement.go:160.2,160.31 1 0
github.com/QUDUSKUNLE/Bumpa/core/services/achievements/achievement.go:160.31,172.17 3 0
github.com/QUDUSKUNLE/Bumpa/core/services/achievements/achievement.go:172.17,178.12 2 0
github.com/QUDUSKUNLE/Bumpa/core/services/achievements/achievement.go:181.3,183.49 2 0
github.com/QUDUSKUNLE/Bumpa/core/services/achievements/achievement.go:183.49,189.12 2 0
github.com/QUDUSKUNLE/Bumpa/core/services/achievements/achievement.go:192.3,195.17 1 0
github.com/QUDUSKUNLE/Bumpa/core/services/achievements/achievement.go:195.17,201.4 1 0
github.com/QUDUSKUNLE/Bumpa/core/services/achievements/achievement.go:204.2,204.12 1 0
github.com/QUDUSKUNLE/Bumpa/core/services/achievements/achievement.go:207.72,209.19 2 1
github.com/QUDUSKUNLE/Bumpa/core/services/achievements/achievement.go:209.19,211.3 1 1
github.com/QUDUSKUNLE/Bumpa/core/services/achievements/achievement.go:212.2,213.16 2 1
github.com/QUDUSKUNLE/Bumpa/core/services/achievements/achievement.go:213.16,215.3 1 1
github.com/QUDUSKUNLE/Bumpa/core/services/achievements/achievement.go:217.2,220.16 3 0
github.com/QUDUSKUNLE/Bumpa/core/services/achievements/achievement.go:220.16,222.3 1 0
github.com/QUDUSKUNLE/Bumpa/core/services/achievements/achievement.go:223.2,223.35 1 0
github.com/QUDUSKUNLE/Bumpa/core/utils/index.go:8.38,10.16 2 0
github.com/QUDUSKUNLE/Bumpa/core/utils/index.go:10.16,11.13 1 0
github.com/QUDUSKUNLE/Bumpa/core/utils/index.go:13.2,13.10 1 0
github.com/QUDUSKUNLE/Bumpa/core/utils/index.go:16.39,18.2 1 0
github.com/QUDUSKUNLE/Bumpa/core/utils/index.go:20.40,22.2 1 0
github.com/QUDUSKUNLE/Bumpa/core/services/badges/badge.go:22.49,50.2 1 1
github.com/QUDUSKUNLE/Bumpa/core/services/badges/badge.go:52.122,58.2 1 1
github.com/QUDUSKUNLE/Bumpa/core/services/badges/badge.go:63.9,73.64 4 1
github.com/QUDUSKUNLE/Bumpa/core/services/badges/badge.go:73.64,75.3 1 1
github.com/QUDUSKUNLE/Bumpa/core/services/badges/badge.go:77.2,77.65 1 1
github.com/QUDUSKUNLE/Bumpa/core/services/badges/badge.go:77.65,92.17 4 1
github.com/QUDUSKUNLE/Bumpa/core/services/badges/badge.go:92.17,95.4 2 1
github.com/QUDUSKUNLE/Bumpa/core/services/badges/badge.go:97.3,97.44 1 1
github.com/QUDUSKUNLE/Bumpa/core/services/badges/badge.go:97.44,104.45 2 1
github.com/QUDUSKUNLE/Bumpa/core/services/badges/badge.go:104.45,105.13 1 1
github.com/QUDUSKUNLE/Bumpa/core/services/badges/badge.go:109.4,114.18 2 1
github.com/QUDUSKUNLE/Bumpa/core/services/badges/badge.go:114.18,120.5 2 1
github.com/QUDUSKUNLE/Bumpa/core/services/badges/badge.go:123.4,123.17 1 1
github.com/QUDUSKUNLE/Bumpa/core/services/badges/badge.go:123.17,128.13 2 1
github.com/QUDUSKUNLE/Bumpa/core/services/badges/badge.go:131.4,153.54 4 1
github.com/QUDUSKUNLE/Bumpa/core/services/badges/badge.go:153.54,156.5 2 1
github.com/QUDUSKUNLE/Bumpa/core/services/badges/badge.go:158.3,158.13 1 1
github.com/QUDUSKUNLE/Bumpa/core/services/badges/badge.go:161.2,161.16 1 1
github.com/QUDUSKUNLE/Bumpa/core/services/badges/badge.go:161.16,163.3 1 1
github.com/QUDUSKUNLE/Bumpa/core/services/badges/badge.go:165.2,169.12 2 1
github.com/QUDUSKUNLE/Bumpa/core/services/cashback/cashback.go:26.105,32.2 1 0
github.com/QUDUSKUNLE/Bumpa/core/services/cashback/cashback.go:37.9,47.64 3 0
github.com/QUDUSKUNLE/Bumpa/core/services/cashback/cashback.go:47.64,53.3 2 0
github.com/QUDUSKUNLE/Bumpa/core/services/cashback/cashback.go:55.2,61.16 3 0
github.com/QUDUSKUNLE/Bumpa/core/services/cashback/cashback.go:61.16,64.3 2 0
github.com/QUDUSKUNLE/Bumpa/core/services/cashback/cashback.go:66.2,67.36 1 0
github.com/QUDUSKUNLE/Bumpa/core/services/cashback/cashback.go:67.36,73.3 1 0
github.com/QUDUSKUNLE/Bumpa/core/services/cashback/cashback.go:79.2,85.50 2 0
github.com/QUDUSKUNLE/Bumpa/core/services/cashback/cashback.go:85.50,91.3 2 0
github.com/QUDUSKUNLE/Bumpa/core/services/cashback/cashback.go:93.2,93.16 1 0
github.com/QUDUSKUNLE/Bumpa/core/services/cashback/cashback.go:93.16,96.37 1 0
github.com/QUDUSKUNLE/Bumpa/core/services/cashback/cashback.go:96.37,103.4 2 0
github.com/QUDUSKUNLE/Bumpa/core/services/cashback/cashback.go:107.3,112.4 1 0
github.com/QUDUSKUNLE/Bumpa/core/services/cashback/cashback.go:114.8,136.17 3 0
github.com/QUDUSKUNLE/Bumpa/core/services/cashback/cashback.go:136.17,142.4 2 0
github.com/QUDUSKUNLE/Bumpa/core/services/cashback/cashback.go:144.3,144.15 1 0
github.com/QUDUSKUNLE/Bumpa/core/services/cashback/cashback.go:144.15,152.4 2 0
github.com/QUDUSKUNLE/Bumpa/core/services/cashback/cashback.go:159.2,231.12 3 0
github.com/QUDUSKUNLE/Bumpa/core/services/outboxprocessor/processor.go:21.97,26.2 1 0
github.com/QUDUSKUNLE/Bumpa/core/services/outboxprocessor/processor.go:29.70,31.16 2 0
github.com/QUDUSKUNLE/Bumpa/core/services/outboxprocessor/processor.go:31.16,33.3 1 0
github.com/QUDUSKUNLE/Bumpa/core/services/outboxprocessor/processor.go:35.2,40.35 2 0
github.com/QUDUSKUNLE/Bumpa/core/services/outboxprocessor/processor.go:40.35,50.50 2 0
github.com/QUDUSKUNLE/Bumpa/core/services/outboxprocessor/processor.go:50.50,57.12 2 0
github.com/QUDUSKUNLE/Bumpa/core/services/outboxprocessor/processor.go:62.2,62.12 1 0
github.com/QUDUSKUNLE/Bumpa/core/services/outboxprocessor/processor.go:68.9,88.48 3 0
github.com/QUDUSKUNLE/Bumpa/core/services/outboxprocessor/processor.go:88.48,95.3 2 0
github.com/QUDUSKUNLE/Bumpa/core/services/outboxprocessor/processor.go:97.2,106.65 3 0
github.com/QUDUSKUNLE/Bumpa/core/services/outboxprocessor/processor.go:106.65,113.3 2 0
github.com/QUDUSKUNLE/Bumpa/core/services/outboxprocessor/processor.go:115.2,121.12 2 0
github.com/QUDUSKUNLE/Bumpa/core/services/outboxprocessor/processor.go:124.52,133.6 5 0
github.com/QUDUSKUNLE/Bumpa/core/services/outboxprocessor/processor.go:133.6,134.10 1 0
github.com/QUDUSKUNLE/Bumpa/core/services/outboxprocessor/processor.go:135.21,137.10 2 0
github.com/QUDUSKUNLE/Bumpa/core/services/outboxprocessor/processor.go:139.19,140.18 1 0
github.com/QUDUSKUNLE/Bumpa/core/services/outboxprocessor/processor.go:145.56,146.47 1 0
github.com/QUDUSKUNLE/Bumpa/core/services/outboxprocessor/processor.go:146.47,151.3 1 0
